{
	"NumGoldenSample": 500,
	"Overlap": 3,
	"TableInfo" : {
		"BlockingTable": "../data/blocking_data/blocks.table",
		"Table-1": "../data/all_makes_table_craiglist.json",
		"Table-2": "../data/all_makes_table_kbb.json"
	},
	"attribs": {
	        "T1_attrib": [],
	        "T2_attrib": []		
	},
	"Outputdir": "../gdata/"
}
